=== x8000c0s0b0n0 Tue Oct  6 03:48:23 PM +08 2026 job 128523.pbs201 ===
    queue = qdev
    exec_host = x8000c0s0b0n0/3*8+x8006c2s7b0n0/1*8
    Resource_List.select = 2:ncpus=8:mpiprocs=4:mem=29g
nodes: x8000c0s0b0n0 x8006c2s7b0n0
cray: /opt/cray/pe/craype/2.7.35/bin/CC g++ (GCC) 14.2.1 20250110 (Red Hat 14.2.1-9)
built /scratch/users/ntu/gubo0002/sc26/hpl_hplmxp/LULESH/aspire2b/L01/build_cray/lulesh2.0

Lmod is automatically replacing "gcc-native/14" with "gcc/15.3.0-znver5".


Lmod is automatically replacing "gcc-native/14" with "gcc/15.3.0-znver5".

ompi: /data/apps/openmpi/5.0.10-gcc15.3-cpu/bin/mpicxx g++ (GCC) 15.3.0
--------------------------------------------------------------------------
PRTE has detected that the head of the session directory tree (where
scratch files and shared memory backing storage will be placed)
resides on a shared file system:

   Directory: /raid/pbs.128523.pbs201
   File system type: lustre

For performance reasons, it is strongly recommended that the session
directory be located on a local file system. This can be controlled by
setting the system temporary directory to be used by PRTE using either
the TMPDIR envar or the "prte_tmpdir_base" MCA param.

If you need the temporary directory to be different on remote nodes
from the local one where prterun is running (e.g., when a login node is
being employed), then you can set the local temporary directory using
the "prte_local_tmpdir_base" MCA param and the one to be used on all
other nodes using the "prte_remote_tmpdir_base" param.

This is only a warning advisory and your job will continue. You can
disable this warning in the future by setting the
"prte_silence_shared_fs" MCA param to "1".
--------------------------------------------------------------------------
mpirun (Open MPI) 5.0.10
built /scratch/users/ntu/gubo0002/sc26/hpl_hplmxp/LULESH/aspire2b/L01/build_ompi/lulesh2.0
--- cray_pals: /opt/cray/pals/1.7/bin/mpiexec -n 8 --ppn 4 --cpu-bind depth -d 1 15:48:44
  rc=0 FOM                  =  20861.603 (z/s) | Elapsed time         =          1 (s)
--- ompi_mpirun_2node: mpirun -n 8 --map-by ppr:4:node --bind-to core -x OMPI_MCA_pml_base_verbose=10 -x OMPI_MCA_mtl_base_verbose=10 15:48:50
  rc=1 no FOM | 
      4 Signal: Aborted (6)
      4 select: no component selected
      4 mca:base:select:(  mtl) Selected component [ofi]
      1 Open MPI failed an OFI Libfabric library call (fi_domain).  This is highly
      1   Error: Function not implemented (38)
--- ompi_mpirun_1node: mpirun -n 8 --host x8000c0s0b0n0:8 --oversubscribe --bind-to core -x OMPI_MCA_pml_base_verbose=10 -x OMPI_MCA_mtl_base_verbose=10 15:48:57
  rc=134 no FOM | 
      8 Signal: Aborted (6)
      8 select: no component selected
      8 mca:base:select:(  mtl) Selected component [ofi]
      1 signal 6 (Aborted).
      1 Open MPI failed an OFI Libfabric library call (fi_domain).  This is highly
--- ompi_mpirun_tcp: mpirun -n 8 --map-by ppr:4:node --bind-to core --mca pml ob1 --mca btl self,sm,tcp --mca mtl ^ofi -x OMPI_MCA_pml_base_verbose=10 -x OMPI_MCA_mtl_base_verbose=10 15:49:02
  rc=1 no FOM | 
      4 select: component ob1 selected
--- ompi_pals: /opt/cray/pals/1.7/bin/mpiexec --pmi pmix --no-transfer -n 8 --ppn 4 --cpu-bind depth -d 1 15:49:08
  rc=0 FOM                  =  20878.365 (z/s) | Elapsed time         =          1 (s)
      8 select: component ofi selected
      8 select: component ob1 not selected / finalized
      8 select: component cm selected
      8 mca:base:select:(  mtl) Selected component [ofi]
--- cray_pals_r2: /opt/cray/pals/1.7/bin/mpiexec -n 8 --ppn 4 --cpu-bind depth -d 1 15:49:16
  rc=0 FOM                  =  21801.945 (z/s) | Elapsed time         =       0.99 (s)
=== L01 DONE Tue Oct  6 03:49:22 PM +08 2026 ===
