=== asp2b-gpu004 Tue Oct  6 03:54:29 PM +08 2026 job 128535.pbs201 ===
    queue = gdev
    exec_host = asp2b-gpu004/0*24+asp2b-gpu043/1*24
    Resource_List.select = 2:ncpus=24:ngpus=1:mem=276g

Lmod is automatically replacing "gcc-native/14" with "gcc/15.3.0-znver5".


Lmod is automatically replacing "gcc-native/14" with "gcc/15.3.0-znver5".

site: /data/apps/openmpi/5.0.10-gcc15.3-cuda13.0/bin/mpicxx | /data/apps/openmpi/5.0.10-gcc15.3-cuda13.0/bin/mpirun mpirun (Open MPI) 5.0.10
  built

Lmod is automatically replacing "gcc-native/14" with "gcc/15.3.0-znver5".


Lmod is automatically replacing "gcc-native/14" with "gcc/15.3.0-znver5".


Note: the module "gcc-native" cannot be unloaded because it was not loaded.

own5: /scratch/users/ntu/gubo0002/sc26/hpl_hplmxp/deps/openmpi-5.0.10-cuda13.0-ofi/bin/mpicxx | /scratch/users/ntu/gubo0002/sc26/hpl_hplmxp/deps/openmpi-5.0.10-cuda13.0-ofi/bin/mpirun mpirun (Open MPI) 5.0.10
  built

Lmod is automatically replacing "gcc-native/14" with "gcc/15.3.0-znver5".


Lmod is automatically replacing "gcc-native/14" with "gcc/15.3.0-znver5".


Note: the module "gcc-native" cannot be unloaded because it was not loaded.

own4: /scratch/users/ntu/gubo0002/sc26/hpl_hplmxp/deps/openmpi-4.1.6-cuda13.0/bin/mpicxx | /scratch/users/ntu/gubo0002/sc26/hpl_hplmxp/deps/openmpi-4.1.6-cuda13.0/bin/mpirun mpirun (Open MPI) 4.1.6
  built

Lmod is automatically replacing "gcc-native/14" with "gcc/15.3.0-znver5".


Lmod is automatically replacing "gcc-native/14" with "gcc/15.3.0-znver5".

cpu: /data/apps/openmpi/5.0.10-gcc15.3-cpu/bin/mpicxx | /data/apps/openmpi/5.0.10-gcc15.3-cpu/bin/mpirun mpirun (Open MPI) 5.0.10
  built
hsn: hsn0,hsn1,hsn2,hsn3
--- cpu_mpirun_tcp: mpirun -n 8 --map-by ppr:4:node --bind-to core --oversubscribe -x LD_LIBRARY_PATH --mca pml ob1 --mca btl self,sm,tcp --mca mtl ^ofi --mca btl_tcp_if_include hsn0,hsn1,hsn2,hsn3 --mca oob_tcp_if_include hsn0,hsn1,hsn2,hsn3 15:56:51
  rc=139 no FOM
      1 /var/spool/pbs/mom_priv/jobs/128535.pbs201.SC: line 38: 3975280 Segmentation fault      timeout 300 "$@" $OUT/build_$mpi/lulesh2.0 -s 30 -i 10
--- site_mpirun_tcp: mpirun -n 8 --map-by ppr:4:node --bind-to core --oversubscribe -x LD_LIBRARY_PATH --mca pml ob1 --mca btl self,sm,tcp --mca mtl ^ofi --mca btl_tcp_if_include hsn0,hsn1,hsn2,hsn3 --mca oob_tcp_if_include hsn0,hsn1,hsn2,hsn3 15:57:48
  rc=139 no FOM
      1 /var/spool/pbs/mom_priv/jobs/128535.pbs201.SC: line 38: 3978062 Segmentation fault      timeout 300 "$@" $OUT/build_$mpi/lulesh2.0 -s 30 -i 10
--- own5_mpirun_tcp: mpirun -n 8 --map-by ppr:4:node --bind-to core --oversubscribe -x LD_LIBRARY_PATH --mca pml ob1 --mca btl self,sm,tcp --mca mtl ^ofi --mca btl_tcp_if_include hsn0,hsn1,hsn2,hsn3 --mca oob_tcp_if_include hsn0,hsn1,hsn2,hsn3 15:58:05
  rc=139 no FOM
      1 /var/spool/pbs/mom_priv/jobs/128535.pbs201.SC: line 38: 3982388 Segmentation fault      timeout 300 "$@" $OUT/build_$mpi/lulesh2.0 -s 30 -i 10
--- own4_mpirun_tcp: mpirun --prefix /scratch/users/ntu/gubo0002/sc26/hpl_hplmxp/deps/openmpi-4.1.6-cuda13.0 -n 8 --map-by ppr:4:node --bind-to core --oversubscribe -x LD_LIBRARY_PATH --mca btl self,vader,tcp --mca btl_tcp_if_include hsn0,hsn1,hsn2,hsn3 --mca oob_tcp_if_include hsn0,hsn1,hsn2,hsn3 15:58:37
/opt/pbs/bin/pbsdsh: tm_init failed, rc = no matching job found (17006) (17006)
  rc=0 FOM                  =  19033.376 (z/s)
=== L04 DONE Tue Oct  6 03:59:20 PM +08 2026 ===
