
Lmod is automatically replacing "gcc-native/14" with "gcc/15.3.0-znver5".


Lmod is automatically replacing "gcc-native/14" with "gcc/15.3.0-znver5".

--------------------------------------------------------------------------
PRTE has detected that the head of the session directory tree (where
scratch files and shared memory backing storage will be placed)
resides on a shared file system:

   Directory: /raid/pbs.128523.pbs201
   File system type: lustre

For performance reasons, it is strongly recommended that the session
directory be located on a local file system. This can be controlled by
setting the system temporary directory to be used by PRTE using either
the TMPDIR envar or the "prte_tmpdir_base" MCA param.

If you need the temporary directory to be different on remote nodes
from the local one where prterun is running (e.g., when a login node is
being employed), then you can set the local temporary directory using
the "prte_local_tmpdir_base" MCA param and the one to be used on all
other nodes using the "prte_remote_tmpdir_base" param.

This is only a warning advisory and your job will continue. You can
disable this warning in the future by setting the
"prte_silence_shared_fs" MCA param to "1".
--------------------------------------------------------------------------
[x8000c0s0b0n0:1976652] pmix_mca_base_component_repository_open: unable to open /data/apps/openmpi/5.0.10-gcc15.3-cpu/lib/prte/prte_mca_plm_tm: 
    dlopen error: libpbs.so.0: cannot open shared object file: No such file or directory
    Perhaps a missing symbol, or compiled for a different version of prte? (ignored)
--------------------------------------------------------------------------
PRTE has detected that the head of the session directory tree (where
scratch files and shared memory backing storage will be placed)
resides on a shared file system:

   Directory: /raid/pbs.128523.pbs201
   File system type: lustre

For performance reasons, it is strongly recommended that the session
directory be located on a local file system. This can be controlled by
setting the system temporary directory to be used by PRTE using either
the TMPDIR envar or the "prte_tmpdir_base" MCA param.

If you need the temporary directory to be different on remote nodes
from the local one where prted is running (e.g., when a login node is
being employed), then you can set the local temporary directory using
the "prte_local_tmpdir_base" MCA param and the one to be used on all
other nodes using the "prte_remote_tmpdir_base" param.

This is only a warning advisory and your job will continue. You can
disable this warning in the future by setting the
"prte_silence_shared_fs" MCA param to "1".
--------------------------------------------------------------------------
/scratch/users/ntu/gubo0002/sc26/hpl_hplmxp/LULESH/aspire2b/L01/build_ompi/lulesh2.0: /usr/lib64/libstdc++.so.6: version `GLIBCXX_3.4.32' not found (required by /scratch/users/ntu/gubo0002/sc26/hpl_hplmxp/LULESH/aspire2b/L01/build_ompi/lulesh2.0)
/scratch/users/ntu/gubo0002/sc26/hpl_hplmxp/LULESH/aspire2b/L01/build_ompi/lulesh2.0: /usr/lib64/libstdc++.so.6: version `GLIBCXX_3.4.32' not found (required by /scratch/users/ntu/gubo0002/sc26/hpl_hplmxp/LULESH/aspire2b/L01/build_ompi/lulesh2.0)
/scratch/users/ntu/gubo0002/sc26/hpl_hplmxp/LULESH/aspire2b/L01/build_ompi/lulesh2.0: /usr/lib64/libstdc++.so.6: version `GLIBCXX_3.4.32' not found (required by /scratch/users/ntu/gubo0002/sc26/hpl_hplmxp/LULESH/aspire2b/L01/build_ompi/lulesh2.0)
/scratch/users/ntu/gubo0002/sc26/hpl_hplmxp/LULESH/aspire2b/L01/build_ompi/lulesh2.0: /usr/lib64/libstdc++.so.6: version `GLIBCXX_3.4.32' not found (required by /scratch/users/ntu/gubo0002/sc26/hpl_hplmxp/LULESH/aspire2b/L01/build_ompi/lulesh2.0)
[x8000c0s0b0n0:1976707] mca: base: components_register: registering framework pml components
[x8000c0s0b0n0:1976707] mca: base: components_register: found loaded component ob1
[x8000c0s0b0n0:1976707] mca: base: components_register: component ob1 register function successful
[x8000c0s0b0n0:1976707] mca: base: components_open: opening pml components
[x8000c0s0b0n0:1976707] mca: base: components_open: found loaded component ob1
[x8000c0s0b0n0:1976707] mca: base: components_open: component ob1 open function successful
[x8000c0s0b0n0:1976707] select: initializing pml component ob1
[x8000c0s0b0n0:1976707] select: init returned priority 20
[x8000c0s0b0n0:1976707] selected ob1 best priority 20
[x8000c0s0b0n0:1976707] select: component ob1 selected
[x8000c0s0b0n0:1976705] mca: base: components_register: registering framework pml components
[x8000c0s0b0n0:1976705] mca: base: components_register: found loaded component ob1
[x8000c0s0b0n0:1976705] mca: base: components_register: component ob1 register function successful
[x8000c0s0b0n0:1976705] mca: base: components_open: opening pml components
[x8000c0s0b0n0:1976705] mca: base: components_open: found loaded component ob1
[x8000c0s0b0n0:1976705] mca: base: components_open: component ob1 open function successful
[x8000c0s0b0n0:1976705] select: initializing pml component ob1
[x8000c0s0b0n0:1976705] select: init returned priority 20
[x8000c0s0b0n0:1976705] selected ob1 best priority 20
[x8000c0s0b0n0:1976705] select: component ob1 selected
[x8000c0s0b0n0:1976708] mca: base: components_register: registering framework pml components
[x8000c0s0b0n0:1976708] mca: base: components_register: found loaded component ob1
[x8000c0s0b0n0:1976708] mca: base: components_register: component ob1 register function successful
[x8000c0s0b0n0:1976708] mca: base: components_open: opening pml components
[x8000c0s0b0n0:1976708] mca: base: components_open: found loaded component ob1
[x8000c0s0b0n0:1976708] mca: base: components_open: component ob1 open function successful
[x8000c0s0b0n0:1976708] select: initializing pml component ob1
[x8000c0s0b0n0:1976708] select: init returned priority 20
[x8000c0s0b0n0:1976708] selected ob1 best priority 20
[x8000c0s0b0n0:1976708] select: component ob1 selected
[x8000c0s0b0n0:1976706] mca: base: components_register: registering framework pml components
[x8000c0s0b0n0:1976706] mca: base: components_register: found loaded component ob1
[x8000c0s0b0n0:1976706] mca: base: components_register: component ob1 register function successful
[x8000c0s0b0n0:1976706] mca: base: components_open: opening pml components
[x8000c0s0b0n0:1976706] mca: base: components_open: found loaded component ob1
[x8000c0s0b0n0:1976706] mca: base: components_open: component ob1 open function successful
[x8000c0s0b0n0:1976706] select: initializing pml component ob1
[x8000c0s0b0n0:1976706] select: init returned priority 20
[x8000c0s0b0n0:1976706] selected ob1 best priority 20
[x8000c0s0b0n0:1976706] select: component ob1 selected
--------------------------------------------------------------------------
prterun detected that one or more processes exited with non-zero status,
thus causing the job to be terminated. The first process to do so was:

   Process name: [prterun-x8000c0s0b0n0-1976652@1,5]
   Exit code:    1
--------------------------------------------------------------------------
