
Lmod is automatically replacing "gcc-native/14" with "gcc/15.3.0-znver5".


Lmod is automatically replacing "gcc-native/14" with "gcc/15.3.0-znver5".

[asp2b-gpu004:3996281] pmix_mca_base_component_repository_open: unable to open /data/apps/openmpi/5.0.10-gcc15.3-cpu/lib/prte/prte_mca_plm_tm: 
    dlopen error: libpbs.so.0: cannot open shared object file: No such file or directory
    Perhaps a missing symbol, or compiled for a different version of prte? (ignored)
Warning: Permanently added 'asp2b-gpu026.head.cm.asp2b.nscc.sg' (ED25519) to the list of known hosts.
Running problem size 30^3 per domain until completion
Num processors: 8
Num threads: 1
Total number of elements: 216000 

To run other sizes, use -s <integer>.
To run a fixed number of iterations, use -i <integer>.
To run a more or less balanced region set, use -b <integer>.
To change the relative costs of regions, use -c <integer>.
To print out progress, use -p
To write an output file for VisIt, use -v
See help (-h) for more options

Run completed:
   Problem size        =  30
   MPI tasks           =  8
   Iteration count     =  100
   Final Origin Energy =  1.058138e+07
   Testing Plane 0 of Energy Array on rank 0:
        MaxAbsDiff   = 1.164153e-09
        TotalAbsDiff = 3.756704e-09
        MaxRelDiff   = 2.876908e-13

Elapsed time         =        1.3 (s)
Grind time (us/z/c)  = 0.48887873 (per dom)  ( 1.3199726 overall)
FOM                  =  16363.976 (z/s)

