
Lmod is automatically replacing "gcc-native/14" with "gcc/15.3.0-znver5".


Lmod is automatically replacing "gcc-native/14" with "gcc/15.3.0-znver5".


Note: the module "gcc-native" cannot be unloaded because it was not loaded.

[asp2b-gpu026:586711] mca: base: components_register: registering framework pml components
[asp2b-gpu026:586711] mca: base: components_register: found loaded component v
[asp2b-gpu026:586711] mca: base: components_register: component v register function successful
[asp2b-gpu026:586711] mca: base: components_register: found loaded component ob1
[asp2b-gpu026:586711] mca: base: components_register: component ob1 register function successful
[asp2b-gpu026:586711] mca: base: components_register: found loaded component cm
[asp2b-gpu026:586711] mca: base: components_register: component cm register function successful
[asp2b-gpu026:586711] mca: base: components_register: found loaded component monitoring
[asp2b-gpu008:3274677] mca: base: components_register: registering framework pml components
[asp2b-gpu008:3274677] mca: base: components_register: found loaded component v
[asp2b-gpu008:3274677] mca: base: components_register: component v register function successful
[asp2b-gpu008:3274677] mca: base: components_register: found loaded component ob1
[asp2b-gpu026:586711] mca: base: components_register: component monitoring register function successful
[asp2b-gpu026:586711] mca: base: components_open: opening pml components
[asp2b-gpu026:586711] mca: base: components_open: found loaded component v
[asp2b-gpu008:3274677] mca: base: components_register: component ob1 register function successful
[asp2b-gpu008:3274677] mca: base: components_register: found loaded component cm
[asp2b-gpu008:3274677] mca: base: components_register: component cm register function successful
[asp2b-gpu008:3274677] mca: base: components_register: found loaded component monitoring
[asp2b-gpu008:3274677] mca: base: components_register: component monitoring register function successful
[asp2b-gpu008:3274677] mca: base: components_open: opening pml components
[asp2b-gpu008:3274677] mca: base: components_open: found loaded component v
[asp2b-gpu008:3274677] mca: base: components_open: component v open function successful
[asp2b-gpu008:3274677] mca: base: components_open: found loaded component ob1
[asp2b-gpu008:3274677] mca: base: components_open: component ob1 open function successful
[asp2b-gpu008:3274677] mca: base: components_open: found loaded component cm
[asp2b-gpu008:3274677] mca: base: components_register: registering framework mtl components
[asp2b-gpu008:3274677] mca: base: components_open: opening mtl components
[asp2b-gpu008:3274677] mca: base: close: component cm closed
[asp2b-gpu008:3274677] mca: base: close: unloading component cm
[asp2b-gpu008:3274677] mca: base: components_open: found loaded component monitoring
[asp2b-gpu008:3274677] mca: base: components_open: component monitoring open function successful
[asp2b-gpu026:586711] mca: base: components_open: component v open function successful
[asp2b-gpu026:586711] mca: base: components_open: found loaded component ob1
[asp2b-gpu026:586711] mca: base: components_open: component ob1 open function successful
[asp2b-gpu026:586711] mca: base: components_open: found loaded component cm
[asp2b-gpu026:586711] mca: base: components_register: registering framework mtl components
[asp2b-gpu026:586711] mca: base: components_open: opening mtl components
[asp2b-gpu026:586711] mca: base: close: component cm closed
[asp2b-gpu026:586711] mca: base: close: unloading component cm
[asp2b-gpu026:586711] mca: base: components_open: found loaded component monitoring
[asp2b-gpu026:586711] mca: base: components_open: component monitoring open function successful
[asp2b-gpu008:3274677] select: component v not in the include list
[asp2b-gpu008:3274677] select: initializing pml component ob1
[asp2b-gpu008:3274677] select: init returned priority 20
[asp2b-gpu008:3274677] select: component monitoring not in the include list
[asp2b-gpu008:3274677] selected ob1 best priority 20
[asp2b-gpu008:3274677] select: component ob1 selected
[asp2b-gpu008:3274677] mca: base: close: component v closed
[asp2b-gpu008:3274677] mca: base: close: unloading component v
[asp2b-gpu008:3274677] mca: base: close: component monitoring closed
[asp2b-gpu008:3274677] mca: base: close: unloading component monitoring
[asp2b-gpu026:586711] select: component v not in the include list
[asp2b-gpu026:586711] select: initializing pml component ob1
[asp2b-gpu026:586711] select: init returned priority 20
[asp2b-gpu026:586711] select: component monitoring not in the include list
[asp2b-gpu026:586711] selected ob1 best priority 20
[asp2b-gpu026:586711] select: component ob1 selected
[asp2b-gpu026:586711] mca: base: close: component v closed
[asp2b-gpu026:586711] mca: base: close: unloading component v
[asp2b-gpu026:586711] mca: base: close: component monitoring closed
[asp2b-gpu026:586711] mca: base: close: unloading component monitoring
[asp2b-gpu026:586712] mca: base: components_register: registering framework pml components
[asp2b-gpu026:586712] mca: base: components_register: found loaded component v
[asp2b-gpu026:586712] mca: base: components_register: component v register function successful
[asp2b-gpu026:586712] mca: base: components_register: found loaded component ob1
[asp2b-gpu026:586712] mca: base: components_register: component ob1 register function successful
[asp2b-gpu026:586712] mca: base: components_register: found loaded component cm
[asp2b-gpu026:586713] mca: base: components_register: registering framework pml components
[asp2b-gpu026:586712] mca: base: components_register: component cm register function successful
[asp2b-gpu026:586713] mca: base: components_register: found loaded component v
[asp2b-gpu026:586712] mca: base: components_register: found loaded component monitoring
[asp2b-gpu026:586713] mca: base: components_register: component v register function successful
[asp2b-gpu026:586712] mca: base: components_register: component monitoring register function successful
[asp2b-gpu026:586713] mca: base: components_register: found loaded component ob1
[asp2b-gpu026:586712] mca: base: components_open: opening pml components
[asp2b-gpu026:586712] mca: base: components_open: found loaded component v
[asp2b-gpu026:586713] mca: base: components_register: component ob1 register function successful
[asp2b-gpu026:586713] mca: base: components_register: found loaded component cm
[asp2b-gpu026:586713] mca: base: components_register: component cm register function successful
[asp2b-gpu026:586713] mca: base: components_register: found loaded component monitoring
[asp2b-gpu026:586713] mca: base: components_register: component monitoring register function successful
[asp2b-gpu026:586710] mca: base: components_register: registering framework pml components
[asp2b-gpu026:586713] mca: base: components_open: opening pml components
[asp2b-gpu026:586713] mca: base: components_open: found loaded component v
[asp2b-gpu026:586710] mca: base: components_register: found loaded component v
[asp2b-gpu026:586710] mca: base: components_register: component v register function successful
[asp2b-gpu026:586710] mca: base: components_register: found loaded component ob1
[asp2b-gpu026:586710] mca: base: components_register: component ob1 register function successful
[asp2b-gpu026:586710] mca: base: components_register: found loaded component cm
[asp2b-gpu026:586710] mca: base: components_register: component cm register function successful
[asp2b-gpu026:586710] mca: base: components_register: found loaded component monitoring
[asp2b-gpu026:586710] mca: base: components_register: component monitoring register function successful
[asp2b-gpu026:586710] mca: base: components_open: opening pml components
[asp2b-gpu026:586710] mca: base: components_open: found loaded component v
[asp2b-gpu026:586712] mca: base: components_open: component v open function successful
[asp2b-gpu026:586712] mca: base: components_open: found loaded component ob1
[asp2b-gpu026:586712] mca: base: components_open: component ob1 open function successful
[asp2b-gpu026:586712] mca: base: components_open: found loaded component cm
[asp2b-gpu026:586712] mca: base: components_register: registering framework mtl components
[asp2b-gpu026:586712] mca: base: components_open: opening mtl components
[asp2b-gpu026:586712] mca: base: close: component cm closed
[asp2b-gpu026:586712] mca: base: close: unloading component cm
[asp2b-gpu026:586712] mca: base: components_open: found loaded component monitoring
[asp2b-gpu026:586712] mca: base: components_open: component monitoring open function successful
[asp2b-gpu026:586713] mca: base: components_open: component v open function successful
[asp2b-gpu026:586713] mca: base: components_open: found loaded component ob1
[asp2b-gpu026:586710] mca: base: components_open: component v open function successful
[asp2b-gpu026:586710] mca: base: components_open: found loaded component ob1
[asp2b-gpu026:586710] mca: base: components_open: component ob1 open function successful
[asp2b-gpu026:586710] mca: base: components_open: found loaded component cm
[asp2b-gpu026:586713] mca: base: components_open: component ob1 open function successful
[asp2b-gpu026:586713] mca: base: components_open: found loaded component cm
[asp2b-gpu026:586710] mca: base: components_register: registering framework mtl components
[asp2b-gpu026:586710] mca: base: components_open: opening mtl components
[asp2b-gpu026:586713] mca: base: components_register: registering framework mtl components
[asp2b-gpu026:586713] mca: base: components_open: opening mtl components
[asp2b-gpu026:586713] mca: base: close: component cm closed
[asp2b-gpu026:586710] mca: base: close: component cm closed
[asp2b-gpu026:586710] mca: base: close: unloading component cm
[asp2b-gpu026:586713] mca: base: close: unloading component cm
[asp2b-gpu026:586710] mca: base: components_open: found loaded component monitoring
[asp2b-gpu026:586710] mca: base: components_open: component monitoring open function successful
[asp2b-gpu026:586713] mca: base: components_open: found loaded component monitoring
[asp2b-gpu026:586713] mca: base: components_open: component monitoring open function successful
[asp2b-gpu026:586712] select: component v not in the include list
[asp2b-gpu026:586712] select: initializing pml component ob1
[asp2b-gpu026:586712] select: init returned priority 20
[asp2b-gpu026:586712] select: component monitoring not in the include list
[asp2b-gpu026:586712] selected ob1 best priority 20
[asp2b-gpu026:586712] select: component ob1 selected
[asp2b-gpu026:586712] mca: base: close: component v closed
[asp2b-gpu026:586712] mca: base: close: unloading component v
[asp2b-gpu026:586712] mca: base: close: component monitoring closed
[asp2b-gpu026:586712] mca: base: close: unloading component monitoring
[asp2b-gpu026:586710] select: component v not in the include list
[asp2b-gpu026:586710] select: initializing pml component ob1
[asp2b-gpu026:586710] select: init returned priority 20
[asp2b-gpu026:586710] select: component monitoring not in the include list
[asp2b-gpu026:586710] selected ob1 best priority 20
[asp2b-gpu026:586710] select: component ob1 selected
[asp2b-gpu026:586710] mca: base: close: component v closed
[asp2b-gpu026:586710] mca: base: close: unloading component v
[asp2b-gpu026:586710] mca: base: close: component monitoring closed
[asp2b-gpu026:586710] mca: base: close: unloading component monitoring
[asp2b-gpu026:586713] select: component v not in the include list
[asp2b-gpu026:586713] select: initializing pml component ob1
[asp2b-gpu026:586713] select: init returned priority 20
[asp2b-gpu026:586713] select: component monitoring not in the include list
[asp2b-gpu026:586713] selected ob1 best priority 20
[asp2b-gpu026:586713] select: component ob1 selected
[asp2b-gpu026:586713] mca: base: close: component v closed
[asp2b-gpu026:586713] mca: base: close: unloading component v
[asp2b-gpu026:586713] mca: base: close: component monitoring closed
[asp2b-gpu026:586713] mca: base: close: unloading component monitoring
[asp2b-gpu008:3274678] mca: base: components_register: registering framework pml components
[asp2b-gpu008:3274678] mca: base: components_register: found loaded component v
[asp2b-gpu008:3274678] mca: base: components_register: component v register function successful
[asp2b-gpu008:3274678] mca: base: components_register: found loaded component ob1
[asp2b-gpu008:3274678] mca: base: components_register: component ob1 register function successful
[asp2b-gpu008:3274678] mca: base: components_register: found loaded component cm
[asp2b-gpu008:3274678] mca: base: components_register: component cm register function successful
[asp2b-gpu008:3274678] mca: base: components_register: found loaded component monitoring
[asp2b-gpu008:3274675] mca: base: components_register: registering framework pml components
[asp2b-gpu008:3274675] mca: base: components_register: found loaded component v
[asp2b-gpu008:3274678] mca: base: components_register: component monitoring register function successful
[asp2b-gpu008:3274678] mca: base: components_open: opening pml components
[asp2b-gpu008:3274678] mca: base: components_open: found loaded component v
[asp2b-gpu008:3274675] mca: base: components_register: component v register function successful
[asp2b-gpu008:3274675] mca: base: components_register: found loaded component ob1
[asp2b-gpu008:3274675] mca: base: components_register: component ob1 register function successful
[asp2b-gpu008:3274676] mca: base: components_register: registering framework pml components
[asp2b-gpu008:3274676] mca: base: components_register: found loaded component v
[asp2b-gpu008:3274675] mca: base: components_register: found loaded component cm
[asp2b-gpu008:3274675] mca: base: components_register: component cm register function successful
[asp2b-gpu008:3274676] mca: base: components_register: component v register function successful
[asp2b-gpu008:3274675] mca: base: components_register: found loaded component monitoring
[asp2b-gpu008:3274676] mca: base: components_register: found loaded component ob1
[asp2b-gpu008:3274675] mca: base: components_register: component monitoring register function successful
[asp2b-gpu008:3274675] mca: base: components_open: opening pml components
[asp2b-gpu008:3274675] mca: base: components_open: found loaded component v
[asp2b-gpu008:3274676] mca: base: components_register: component ob1 register function successful
[asp2b-gpu008:3274676] mca: base: components_register: found loaded component cm
[asp2b-gpu008:3274676] mca: base: components_register: component cm register function successful
[asp2b-gpu008:3274676] mca: base: components_register: found loaded component monitoring
[asp2b-gpu008:3274676] mca: base: components_register: component monitoring register function successful
[asp2b-gpu008:3274676] mca: base: components_open: opening pml components
[asp2b-gpu008:3274676] mca: base: components_open: found loaded component v
[asp2b-gpu008:3274678] mca: base: components_open: component v open function successful
[asp2b-gpu008:3274678] mca: base: components_open: found loaded component ob1
[asp2b-gpu008:3274678] mca: base: components_open: component ob1 open function successful
[asp2b-gpu008:3274678] mca: base: components_open: found loaded component cm
[asp2b-gpu008:3274678] mca: base: components_register: registering framework mtl components
[asp2b-gpu008:3274675] mca: base: components_open: component v open function successful
[asp2b-gpu008:3274675] mca: base: components_open: found loaded component ob1
[asp2b-gpu008:3274675] mca: base: components_open: component ob1 open function successful
[asp2b-gpu008:3274675] mca: base: components_open: found loaded component cm
[asp2b-gpu008:3274678] mca: base: components_open: opening mtl components
[asp2b-gpu008:3274678] mca: base: close: component cm closed
[asp2b-gpu008:3274678] mca: base: close: unloading component cm
[asp2b-gpu008:3274675] mca: base: components_register: registering framework mtl components
[asp2b-gpu008:3274675] mca: base: components_open: opening mtl components
[asp2b-gpu008:3274678] mca: base: components_open: found loaded component monitoring
[asp2b-gpu008:3274678] mca: base: components_open: component monitoring open function successful
[asp2b-gpu008:3274675] mca: base: close: component cm closed
[asp2b-gpu008:3274675] mca: base: close: unloading component cm
[asp2b-gpu008:3274675] mca: base: components_open: found loaded component monitoring
[asp2b-gpu008:3274675] mca: base: components_open: component monitoring open function successful
[asp2b-gpu008:3274676] mca: base: components_open: component v open function successful
[asp2b-gpu008:3274676] mca: base: components_open: found loaded component ob1
[asp2b-gpu008:3274676] mca: base: components_open: component ob1 open function successful
[asp2b-gpu008:3274676] mca: base: components_open: found loaded component cm
[asp2b-gpu008:3274676] mca: base: components_register: registering framework mtl components
[asp2b-gpu008:3274676] mca: base: components_open: opening mtl components
[asp2b-gpu008:3274676] mca: base: close: component cm closed
[asp2b-gpu008:3274676] mca: base: close: unloading component cm
[asp2b-gpu008:3274676] mca: base: components_open: found loaded component monitoring
[asp2b-gpu008:3274676] mca: base: components_open: component monitoring open function successful
[asp2b-gpu008:3274678] select: component v not in the include list
[asp2b-gpu008:3274678] select: initializing pml component ob1
[asp2b-gpu008:3274678] select: init returned priority 20
[asp2b-gpu008:3274678] select: component monitoring not in the include list
[asp2b-gpu008:3274678] selected ob1 best priority 20
[asp2b-gpu008:3274678] select: component ob1 selected
[asp2b-gpu008:3274678] mca: base: close: component v closed
[asp2b-gpu008:3274678] mca: base: close: unloading component v
[asp2b-gpu008:3274678] mca: base: close: component monitoring closed
[asp2b-gpu008:3274678] mca: base: close: unloading component monitoring
[asp2b-gpu008:3274676] select: component v not in the include list
[asp2b-gpu008:3274676] select: initializing pml component ob1
[asp2b-gpu008:3274676] select: init returned priority 20
[asp2b-gpu008:3274676] select: component monitoring not in the include list
[asp2b-gpu008:3274676] selected ob1 best priority 20
[asp2b-gpu008:3274676] select: component ob1 selected
[asp2b-gpu008:3274676] mca: base: close: component v closed
[asp2b-gpu008:3274676] mca: base: close: unloading component v
[asp2b-gpu008:3274676] mca: base: close: component monitoring closed
[asp2b-gpu008:3274676] mca: base: close: unloading component monitoring
[asp2b-gpu008:3274675] select: component v not in the include list
[asp2b-gpu008:3274675] select: initializing pml component ob1
[asp2b-gpu008:3274675] select: init returned priority 20
[asp2b-gpu008:3274675] select: component monitoring not in the include list
[asp2b-gpu008:3274675] selected ob1 best priority 20
[asp2b-gpu008:3274675] select: component ob1 selected
[asp2b-gpu008:3274675] mca: base: close: component v closed
[asp2b-gpu008:3274675] mca: base: close: unloading component v
[asp2b-gpu008:3274675] mca: base: close: component monitoring closed
[asp2b-gpu008:3274675] mca: base: close: unloading component monitoring
[asp2b-gpu026:586710] check:select: PML check not necessary on self
[asp2b-gpu026:586713] check:select: checking my pml ob1 against process [[27356,1],0] pml ob1
[asp2b-gpu026:586712] check:select: checking my pml ob1 against process [[27356,1],0] pml ob1
[asp2b-gpu026:586711] check:select: checking my pml ob1 against process [[27356,1],0] pml ob1
[asp2b-gpu008:3274676] check:select: checking my pml ob1 against process [[27356,1],0] pml ob1
[asp2b-gpu008:3274678] check:select: checking my pml ob1 against process [[27356,1],0] pml ob1
[asp2b-gpu008:3274675] check:select: checking my pml ob1 against process [[27356,1],0] pml ob1
[asp2b-gpu008:3274677] check:select: checking my pml ob1 against process [[27356,1],0] pml ob1
Running problem size 30^3 per domain until completion
Num processors: 8
Num threads: 1
Total number of elements: 216000 

To run other sizes, use -s <integer>.
To run a fixed number of iterations, use -i <integer>.
To run a more or less balanced region set, use -b <integer>.
To change the relative costs of regions, use -c <integer>.
To print out progress, use -p
To write an output file for VisIt, use -v
See help (-h) for more options

[asp2b-gpu008][[27356,1],5][btl_tcp_endpoint.c:625:mca_btl_tcp_endpoint_recv_connect_ack] received unexpected process identifier [[27356,1],6]
[asp2b-gpu008][[27356,1],6][btl_tcp_endpoint.c:625:mca_btl_tcp_endpoint_recv_connect_ack] received unexpected process identifier [[27356,1],4]
[asp2b-gpu008][[27356,1],7][btl_tcp_endpoint.c:625:mca_btl_tcp_endpoint_recv_connect_ack] received unexpected process identifier [[27356,1],5]
[asp2b-gpu008][[27356,1],4][btl_tcp_endpoint.c:625:mca_btl_tcp_endpoint_recv_connect_ack] received unexpected process identifier [[27356,1],7]
[asp2b-gpu026][[27356,1],1][btl_tcp_endpoint.c:625:mca_btl_tcp_endpoint_recv_connect_ack] received unexpected process identifier [[27356,1],3]
[asp2b-gpu026][[27356,1],2][btl_tcp_endpoint.c:625:mca_btl_tcp_endpoint_recv_connect_ack] received unexpected process identifier [[27356,1],1]
[asp2b-gpu026][[27356,1],3][btl_tcp_endpoint.c:625:mca_btl_tcp_endpoint_recv_connect_ack] received unexpected process identifier [[27356,1],0]
[asp2b-gpu026][[27356,1],0][btl_tcp_endpoint.c:625:mca_btl_tcp_endpoint_recv_connect_ack] received unexpected process identifier [[27356,1],2]
