
Lmod is automatically replacing "gcc-native/14" with "gcc/15.3.0-znver5".


Lmod is automatically replacing "gcc-native/14" with "gcc/15.3.0-znver5".


Note: the module "gcc-native" cannot be unloaded because it was not loaded.

[asp2b-gpu008:3273099] mca: base: components_register: registering framework pml components
[asp2b-gpu008:3273099] mca: base: components_register: found loaded component ob1
[asp2b-gpu008:3273098] mca: base: components_register: registering framework pml components
[asp2b-gpu008:3273098] mca: base: components_register: found loaded component ob1
[asp2b-gpu008:3273098] mca: base: components_register: component ob1 register function successful
[asp2b-gpu008:3273100] mca: base: components_register: registering framework pml components
[asp2b-gpu008:3273100] mca: base: components_register: found loaded component ob1
[asp2b-gpu008:3273100] mca: base: components_register: component ob1 register function successful
[asp2b-gpu008:3273100] mca: base: components_open: opening pml components
[asp2b-gpu008:3273100] mca: base: components_open: found loaded component ob1
[asp2b-gpu008:3273100] mca: base: components_open: component ob1 open function successful
[asp2b-gpu008:3273099] mca: base: components_register: component ob1 register function successful
[asp2b-gpu008:3273099] mca: base: components_open: opening pml components
[asp2b-gpu008:3273099] mca: base: components_open: found loaded component ob1
[asp2b-gpu008:3273099] mca: base: components_open: component ob1 open function successful
[asp2b-gpu008:3273098] mca: base: components_open: opening pml components
[asp2b-gpu008:3273098] mca: base: components_open: found loaded component ob1
[asp2b-gpu008:3273098] mca: base: components_open: component ob1 open function successful
[asp2b-gpu008:3273099] select: initializing pml component ob1
[asp2b-gpu008:3273100] select: initializing pml component ob1
[asp2b-gpu008:3273098] select: initializing pml component ob1
[asp2b-gpu008:3273100] select: init returned priority 20
[asp2b-gpu008:3273100] selected ob1 best priority 20
[asp2b-gpu008:3273100] select: component ob1 selected
[asp2b-gpu008:3273099] select: init returned priority 20
[asp2b-gpu008:3273099] selected ob1 best priority 20
[asp2b-gpu008:3273099] select: component ob1 selected
[asp2b-gpu008:3273098] select: init returned priority 20
[asp2b-gpu008:3273098] selected ob1 best priority 20
[asp2b-gpu008:3273098] select: component ob1 selected
[asp2b-gpu026:583641] mca: base: components_register: registering framework pml components
[asp2b-gpu026:583641] mca: base: components_register: found loaded component ob1
[asp2b-gpu026:583640] mca: base: components_register: registering framework pml components
[asp2b-gpu026:583640] mca: base: components_register: found loaded component ob1
[asp2b-gpu026:583639] mca: base: components_register: registering framework pml components
[asp2b-gpu026:583639] mca: base: components_register: found loaded component ob1
[asp2b-gpu026:583638] mca: base: components_register: registering framework pml components
[asp2b-gpu026:583638] mca: base: components_register: found loaded component ob1
[asp2b-gpu026:583641] mca: base: components_register: component ob1 register function successful
[asp2b-gpu026:583641] mca: base: components_open: opening pml components
[asp2b-gpu026:583641] mca: base: components_open: found loaded component ob1
[asp2b-gpu026:583641] mca: base: components_open: component ob1 open function successful
[asp2b-gpu026:583640] mca: base: components_register: component ob1 register function successful
[asp2b-gpu026:583640] mca: base: components_open: opening pml components
[asp2b-gpu026:583640] mca: base: components_open: found loaded component ob1
[asp2b-gpu026:583640] mca: base: components_open: component ob1 open function successful
[asp2b-gpu026:583639] mca: base: components_register: component ob1 register function successful
[asp2b-gpu026:583639] mca: base: components_open: opening pml components
[asp2b-gpu026:583639] mca: base: components_open: found loaded component ob1
[asp2b-gpu026:583639] mca: base: components_open: component ob1 open function successful
[asp2b-gpu026:583638] mca: base: components_register: component ob1 register function successful
[asp2b-gpu026:583638] mca: base: components_open: opening pml components
[asp2b-gpu026:583638] mca: base: components_open: found loaded component ob1
[asp2b-gpu026:583638] mca: base: components_open: component ob1 open function successful
[asp2b-gpu026:583640] select: initializing pml component ob1
[asp2b-gpu026:583641] select: initializing pml component ob1
[asp2b-gpu026:583639] select: initializing pml component ob1
[asp2b-gpu026:583638] select: initializing pml component ob1
[asp2b-gpu026:583640] select: init returned priority 20
[asp2b-gpu026:583640] selected ob1 best priority 20
[asp2b-gpu026:583640] select: component ob1 selected
[asp2b-gpu026:583639] select: init returned priority 20
[asp2b-gpu026:583639] selected ob1 best priority 20
[asp2b-gpu026:583639] select: component ob1 selected
[asp2b-gpu026:583641] select: init returned priority 20
[asp2b-gpu026:583641] selected ob1 best priority 20
[asp2b-gpu026:583641] select: component ob1 selected
[asp2b-gpu026:583638] select: init returned priority 20
[asp2b-gpu026:583638] selected ob1 best priority 20
[asp2b-gpu026:583638] select: component ob1 selected
[asp2b-gpu008:3273101] mca: base: components_register: registering framework pml components
[asp2b-gpu008:3273101] mca: base: components_register: found loaded component ob1
[asp2b-gpu008:3273101] mca: base: components_register: component ob1 register function successful
[asp2b-gpu008:3273101] mca: base: components_open: opening pml components
[asp2b-gpu008:3273101] mca: base: components_open: found loaded component ob1
[asp2b-gpu008:3273101] mca: base: components_open: component ob1 open function successful
[asp2b-gpu008:3273101] select: initializing pml component ob1
[asp2b-gpu008:3273101] select: init returned priority 20
[asp2b-gpu008:3273101] selected ob1 best priority 20
[asp2b-gpu008:3273101] select: component ob1 selected
[asp2b-gpu026:583638] check:select: PML check not necessary on self
[asp2b-gpu008:3273101] check:select: checking my pml ob1 against process [[40734,1],0] pml ob1
[asp2b-gpu026:583640] check:select: checking my pml ob1 against process [[40734,1],0] pml ob1
[asp2b-gpu026:583639] check:select: checking my pml ob1 against process [[40734,1],0] pml ob1
[asp2b-gpu026:583641] check:select: checking my pml ob1 against process [[40734,1],0] pml ob1
[asp2b-gpu008:3273100] check:select: checking my pml ob1 against process [[40734,1],0] pml ob1
[asp2b-gpu008:3273099] check:select: checking my pml ob1 against process [[40734,1],0] pml ob1
[asp2b-gpu008:3273098] check:select: checking my pml ob1 against process [[40734,1],0] pml ob1
Running problem size 30^3 per domain until completion
Num processors: 8
Num threads: 1
Total number of elements: 216000 

To run other sizes, use -s <integer>.
To run a fixed number of iterations, use -i <integer>.
To run a more or less balanced region set, use -b <integer>.
To change the relative costs of regions, use -c <integer>.
To print out progress, use -p
To write an output file for VisIt, use -v
See help (-h) for more options

[asp2b-gpu026][[40734,1],3][btl_tcp_endpoint.c:667:mca_btl_tcp_endpoint_recv_connect_ack] received unexpected process identifier: got [[40734,1],2] expected [[40734,1],7]
[asp2b-gpu026][[40734,1],0][btl_tcp_endpoint.c:667:mca_btl_tcp_endpoint_recv_connect_ack] received unexpected process identifier: got [[40734,1],3] expected [[40734,1],4]
[asp2b-gpu008][[40734,1],6][btl_tcp_endpoint.c:667:mca_btl_tcp_endpoint_recv_connect_ack] received unexpected process identifier: got [[40734,1],7] expected [[40734,1],2]
[asp2b-gpu008][[40734,1],4][btl_tcp_endpoint.c:667:mca_btl_tcp_endpoint_recv_connect_ack] received unexpected process identifier: got [[40734,1],6] expected [[40734,1],0]
--------------------------------------------------------------------------
WARNING: Open MPI accepted a TCP connection from what appears to be a
another Open MPI process but cannot find a corresponding process
entry for that peer.

This attempted connection will be ignored; your MPI job may or may not
continue properly.

  Local host: asp2b-gpu026
  PID:        583639
--------------------------------------------------------------------------
 [asp2b-gpu026:00000] *** An error occurred in Socket closed
[asp2b-gpu026:00000] *** reported by process [2669543425,3]
[asp2b-gpu026:00000] *** on a NULL communicator
[asp2b-gpu026:00000] *** Unknown error
[asp2b-gpu026:00000] *** MPI_ERRORS_ARE_FATAL (processes in this communicator will now abort,
[asp2b-gpu026:00000] ***    and MPI will try to terminate your MPI job as well)
--------------------------------------------------------------------------
prterun has exited due to process rank 0 with PID 0 on node asp2b-gpu026 calling
"abort". This may have caused other processes in the application to be
terminated by signals sent by prterun (as reported here).
--------------------------------------------------------------------------
 