
Lmod is automatically replacing "gcc-native/14" with "gcc/15.3.0-znver5".


Lmod is automatically replacing "gcc-native/14" with "gcc/15.3.0-znver5".

[asp2b-gpu026:578708] mca: base: components_register: registering framework pml components
[asp2b-gpu026:578708] mca: base: components_register: found loaded component ob1
[asp2b-gpu026:578708] mca: base: components_register: component ob1 register function successful
[asp2b-gpu026:578708] mca: base: components_open: opening pml components
[asp2b-gpu026:578708] mca: base: components_open: found loaded component ob1
[asp2b-gpu026:578708] mca: base: components_open: component ob1 open function successful
[asp2b-gpu026:578708] select: initializing pml component ob1
[asp2b-gpu026:578708] select: init returned priority 20
[asp2b-gpu026:578708] selected ob1 best priority 20
[asp2b-gpu026:578708] select: component ob1 selected
[asp2b-gpu026:578710] mca: base: components_register: registering framework pml components
[asp2b-gpu026:578710] mca: base: components_register: found loaded component ob1
[asp2b-gpu026:578710] mca: base: components_register: component ob1 register function successful
[asp2b-gpu026:578710] mca: base: components_open: opening pml components
[asp2b-gpu026:578710] mca: base: components_open: found loaded component ob1
[asp2b-gpu026:578710] mca: base: components_open: component ob1 open function successful
[asp2b-gpu026:578710] select: initializing pml component ob1
[asp2b-gpu026:578710] select: init returned priority 20
[asp2b-gpu026:578710] selected ob1 best priority 20
[asp2b-gpu026:578710] select: component ob1 selected
[asp2b-gpu008:3269548] mca: base: components_register: registering framework pml components
[asp2b-gpu008:3269548] mca: base: components_register: found loaded component ob1
[asp2b-gpu008:3269547] mca: base: components_register: registering framework pml components
[asp2b-gpu008:3269547] mca: base: components_register: found loaded component ob1
[asp2b-gpu008:3269548] mca: base: components_register: component ob1 register function successful
[asp2b-gpu008:3269548] mca: base: components_open: opening pml components
[asp2b-gpu008:3269548] mca: base: components_open: found loaded component ob1
[asp2b-gpu008:3269548] mca: base: components_open: component ob1 open function successful
[asp2b-gpu008:3269547] mca: base: components_register: component ob1 register function successful
[asp2b-gpu008:3269547] mca: base: components_open: opening pml components
[asp2b-gpu008:3269547] mca: base: components_open: found loaded component ob1
[asp2b-gpu008:3269547] mca: base: components_open: component ob1 open function successful
[asp2b-gpu008:3269547] select: initializing pml component ob1
[asp2b-gpu008:3269548] select: initializing pml component ob1
[asp2b-gpu008:3269548] select: init returned priority 20
[asp2b-gpu008:3269548] selected ob1 best priority 20
[asp2b-gpu008:3269548] select: component ob1 selected
[asp2b-gpu008:3269547] select: init returned priority 20
[asp2b-gpu008:3269547] selected ob1 best priority 20
[asp2b-gpu008:3269547] select: component ob1 selected
[asp2b-gpu026:578707] mca: base: components_register: registering framework pml components
[asp2b-gpu026:578707] mca: base: components_register: found loaded component ob1
[asp2b-gpu026:578707] mca: base: components_register: component ob1 register function successful
[asp2b-gpu026:578707] mca: base: components_open: opening pml components
[asp2b-gpu026:578707] mca: base: components_open: found loaded component ob1
[asp2b-gpu026:578707] mca: base: components_open: component ob1 open function successful
[asp2b-gpu026:578709] mca: base: components_register: registering framework pml components
[asp2b-gpu026:578709] mca: base: components_register: found loaded component ob1
[asp2b-gpu026:578709] mca: base: components_register: component ob1 register function successful
[asp2b-gpu026:578709] mca: base: components_open: opening pml components
[asp2b-gpu026:578709] mca: base: components_open: found loaded component ob1
[asp2b-gpu026:578709] mca: base: components_open: component ob1 open function successful
[asp2b-gpu026:578707] select: initializing pml component ob1
[asp2b-gpu026:578709] select: initializing pml component ob1
[asp2b-gpu026:578707] select: init returned priority 20
[asp2b-gpu026:578707] selected ob1 best priority 20
[asp2b-gpu026:578707] select: component ob1 selected
[asp2b-gpu026:578709] select: init returned priority 20
[asp2b-gpu026:578709] selected ob1 best priority 20
[asp2b-gpu026:578709] select: component ob1 selected
[asp2b-gpu008:3269549] mca: base: components_register: registering framework pml components
[asp2b-gpu008:3269549] mca: base: components_register: found loaded component ob1
[asp2b-gpu008:3269546] mca: base: components_register: registering framework pml components
[asp2b-gpu008:3269546] mca: base: components_register: found loaded component ob1
[asp2b-gpu008:3269549] mca: base: components_register: component ob1 register function successful
[asp2b-gpu008:3269549] mca: base: components_open: opening pml components
[asp2b-gpu008:3269549] mca: base: components_open: found loaded component ob1
[asp2b-gpu008:3269549] mca: base: components_open: component ob1 open function successful
[asp2b-gpu008:3269546] mca: base: components_register: component ob1 register function successful
[asp2b-gpu008:3269546] mca: base: components_open: opening pml components
[asp2b-gpu008:3269546] mca: base: components_open: found loaded component ob1
[asp2b-gpu008:3269546] mca: base: components_open: component ob1 open function successful
[asp2b-gpu008:3269549] select: initializing pml component ob1
[asp2b-gpu008:3269546] select: initializing pml component ob1
[asp2b-gpu008:3269549] select: init returned priority 20
[asp2b-gpu008:3269549] selected ob1 best priority 20
[asp2b-gpu008:3269549] select: component ob1 selected
[asp2b-gpu008:3269546] select: init returned priority 20
[asp2b-gpu008:3269546] selected ob1 best priority 20
[asp2b-gpu008:3269546] select: component ob1 selected
[asp2b-gpu026:578707] check:select: PML check not necessary on self
[asp2b-gpu026:578708] check:select: checking my pml ob1 against process [[19637,1],0] pml ob1
[asp2b-gpu026:578709] check:select: checking my pml ob1 against process [[19637,1],0] pml ob1
[asp2b-gpu026:578710] check:select: checking my pml ob1 against process [[19637,1],0] pml ob1
[asp2b-gpu008:3269548] check:select: checking my pml ob1 against process [[19637,1],0] pml ob1
[asp2b-gpu008:3269549] check:select: checking my pml ob1 against process [[19637,1],0] pml ob1
[asp2b-gpu008:3269546] check:select: checking my pml ob1 against process [[19637,1],0] pml ob1
[asp2b-gpu008:3269547] check:select: checking my pml ob1 against process [[19637,1],0] pml ob1
Running problem size 30^3 per domain until completion
Num processors: 8
Num threads: 1
Total number of elements: 216000 

To run other sizes, use -s <integer>.
To run a fixed number of iterations, use -i <integer>.
To run a more or less balanced region set, use -b <integer>.
To change the relative costs of regions, use -c <integer>.
To print out progress, use -p
To write an output file for VisIt, use -v
See help (-h) for more options

[asp2b-gpu026][[19637,1],3][../../../../../opal/mca/btl/tcp/btl_tcp_endpoint.c:667:mca_btl_tcp_endpoint_recv_connect_ack] received unexpected process identifier: got [[19637,1],1] expected [[19637,1],7]
[asp2b-gpu026][[19637,1],1][../../../../../opal/mca/btl/tcp/btl_tcp_endpoint.c:667:mca_btl_tcp_endpoint_recv_connect_ack] received unexpected process identifier: got [[19637,1],3] expected [[19637,1],5]
[asp2b-gpu026][[19637,1],0][../../../../../opal/mca/btl/tcp/btl_tcp_endpoint.c:667:mca_btl_tcp_endpoint_recv_connect_ack] received unexpected process identifier: got [[19637,1],2] expected [[19637,1],4]
[asp2b-gpu008][[19637,1],4][../../../../../opal/mca/btl/tcp/btl_tcp_endpoint.c:667:mca_btl_tcp_endpoint_recv_connect_ack] received unexpected process identifier: got [[19637,1],6] expected [[19637,1],0]
[asp2b-gpu008][[19637,1],5][../../../../../opal/mca/btl/tcp/btl_tcp_endpoint.c:667:mca_btl_tcp_endpoint_recv_connect_ack] received unexpected process identifier: got [[19637,1],7] expected [[19637,1],1]
[asp2b-gpu008][[19637,1],7][../../../../../opal/mca/btl/tcp/btl_tcp_endpoint.c:667:mca_btl_tcp_endpoint_recv_connect_ack] received unexpected process identifier: got [[19637,1],5] expected [[19637,1],3]
[asp2b-gpu008:00000] *** An error occurred in Socket closed
[asp2b-gpu008:00000] *** reported by process [1286930433,7]
[asp2b-gpu008:00000] *** on a NULL communicator
[asp2b-gpu008:00000] *** Unknown error
[asp2b-gpu008:00000] *** MPI_ERRORS_ARE_FATAL (processes in this communicator will now abort,
[asp2b-gpu008:00000] ***    and MPI will try to terminate your MPI job as well)
--------------------------------------------------------------------------
prterun has exited due to process rank 6 with PID 3269549 on node asp2b-gpu008 calling
"abort". This may have caused other processes in the application to be
terminated by signals sent by prterun (as reported here).
--------------------------------------------------------------------------
 